/Users/jiarui/niw_github/fair-trace/.venv/lib/python3.9/site-packages/urllib3/__init__.py:35: NotOpenSSLWarning: urllib3 v2 only supports OpenSSL 1.1.1+, currently the 'ssl' module is compiled with 'LibreSSL 2.8.3'. See: https://github.com/urllib3/urllib3/issues/3020
  warnings.warn(
[01:28:18] sample: 150 users, 2 repeat(s)
[01:28:18] stage cache: 60 entries
[01:31:21] user 48 (1/150) family=sex planted=Retrieve | 3.1m elapsed, ~454m left | calls=60 hits=0 retries=0
[01:34:02] user 119 (2/150) family=sex planted=Memory | 5.7m elapsed, ~423m left | calls=120 hits=0 retries=0
[01:36:56] user 137 (3/150) family=sex planted=Explain | 8.6m elapsed, ~423m left | calls=180 hits=0 retries=0
[01:39:26] user 194 (4/150) family=sex planted=Elicit | 11.1m elapsed, ~406m left | calls=240 hits=0 retries=0
[01:42:57] user 217 (5/150) family=age planted=Retrieve | 14.6m elapsed, ~425m left | calls=310 hits=0 retries=0
[01:45:55] user 253 (6/150) family=sex planted=Retrieve | 17.6m elapsed, ~423m left | calls=370 hits=0 retries=0
[01:48:45] user 325 (7/150) family=sex planted=none | 20.4m elapsed, ~417m left | calls=430 hits=0 retries=0
[01:51:27] user 468 (8/150) family=sex planted=Explain | 23.1m elapsed, ~411m left | calls=490 hits=0 retries=0
[01:54:40] user 517 (9/150) family=age planted=Elicit | 26.4m elapsed, ~413m left | calls=560 hits=0 retries=0
[01:57:42] user 518 (10/150) family=sex planted=Explain | 29.4m elapsed, ~411m left | calls=620 hits=0 retries=0
[02:00:17] user 529 (11/150) family=sex planted=none | 32.0m elapsed, ~404m left | calls=680 hits=0 retries=0
[02:03:34] user 547 (12/150) family=age planted=Explain | 35.3m elapsed, ~406m left | calls=750 hits=0 retries=0
[02:06:26] user 567 (13/150) family=sex planted=Memory | 38.1m elapsed, ~402m left | calls=810 hits=0 retries=0
[02:09:15] user 630 (14/150) family=age planted=Rank | 40.9m elapsed, ~398m left | calls=880 hits=0 retries=0
[02:12:25] user 648 (15/150) family=age planted=Memory | 44.1m elapsed, ~397m left | calls=950 hits=0 retries=0
[02:15:34] user 675 (16/150) family=age planted=none | 47.3m elapsed, ~396m left | calls=1020 hits=0 retries=0
[02:18:45] user 719 (17/150) family=age planted=Explain | 50.4m elapsed, ~395m left | calls=1090 hits=0 retries=0
[02:21:53] user 743 (18/150) family=age planted=Memory | 53.6m elapsed, ~393m left | calls=1160 hits=0 retries=0
[02:25:22] user 759 (19/150) family=age planted=Rank | 57.1m elapsed, ~393m left | calls=1230 hits=0 retries=0
[02:28:44] user 775 (20/150) family=age planted=Explain | 60.4m elapsed, ~393m left | calls=1300 hits=0 retries=0
[02:31:41] user 784 (21/150) family=sex planted=Retrieve | 63.4m elapsed, ~389m left | calls=1360 hits=0 retries=0
[02:34:38] user 787 (22/150) family=sex planted=Retrieve | 66.3m elapsed, ~386m left | calls=1420 hits=0 retries=0
[02:37:36] user 811 (23/150) family=sex planted=Retrieve | 69.3m elapsed, ~383m left | calls=1480 hits=0 retries=0
[02:40:12] user 888 (24/150) family=sex planted=none | 71.9m elapsed, ~377m left | calls=1540 hits=0 retries=0
[02:43:23] user 927 (25/150) family=age planted=Memory | 75.1m elapsed, ~375m left | calls=1610 hits=0 retries=0
[02:46:13] user 960 (26/150) family=sex planted=Retrieve | 77.9m elapsed, ~372m left | calls=1670 hits=0 retries=0
[02:49:09] user 979 (27/150) family=sex planted=Memory | 80.8m elapsed, ~368m left | calls=1730 hits=0 retries=0
[02:52:22] user 992 (28/150) family=age planted=Elicit | 84.1m elapsed, ~366m left | calls=1800 hits=0 retries=0
[02:55:16] user 1045 (29/150) family=sex planted=Memory | 87.0m elapsed, ~363m left | calls=1860 hits=0 retries=0
[02:58:27] user 1088 (30/150) family=age planted=Rank | 90.1m elapsed, ~361m left | calls=1930 hits=0 retries=0
[03:01:03] user 1096 (31/150) family=sex planted=Elicit | 92.7m elapsed, ~356m left | calls=1990 hits=0 retries=0
[03:03:04] user 1104 (32/150) family=sex planted=Elicit | 94.8m elapsed, ~349m left | calls=2050 hits=0 retries=0
[03:06:50] user 1114 (33/150) family=age planted=Retrieve | 98.5m elapsed, ~349m left | calls=2120 hits=0 retries=0
[03:10:06] user 1141 (34/150) family=age planted=Retrieve | 101.8m elapsed, ~347m left | calls=2190 hits=0 retries=0
[03:13:05] user 1164 (35/150) family=sex planted=Explain | 104.8m elapsed, ~344m left | calls=2250 hits=0 retries=0
[03:16:13] user 1169 (36/150) family=age planted=Elicit | 107.9m elapsed, ~342m left | calls=2320 hits=0 retries=0
[03:19:36] user 1187 (37/150) family=age planted=none | 111.3m elapsed, ~340m left | calls=2390 hits=0 retries=0
[03:22:46] user 1194 (38/150) family=age planted=Memory | 114.5m elapsed, ~337m left | calls=2460 hits=0 retries=0
[03:25:49] user 1198 (39/150) family=sex planted=none | 117.5m elapsed, ~334m left | calls=2520 hits=0 retries=0
[03:29:09] user 1207 (40/150) family=age planted=Explain | 120.8m elapsed, ~332m left | calls=2590 hits=0 retries=0
[03:32:25] user 1336 (41/150) family=age planted=Explain | 124.1m elapsed, ~330m left | calls=2660 hits=0 retries=0
[03:35:23] user 1499 (42/150) family=sex planted=none | 127.1m elapsed, ~327m left | calls=2720 hits=0 retries=0
[03:38:05] user 1500 (43/150) family=sex planted=Explain | 129.8m elapsed, ~323m left | calls=2780 hits=0 retries=0
[03:41:10] user 1563 (44/150) family=sex planted=Explain | 132.9m elapsed, ~320m left | calls=2840 hits=0 retries=0
[03:44:34] user 1568 (45/150) family=age planted=Rank | 136.3m elapsed, ~318m left | calls=2910 hits=0 retries=0
[03:47:17] user 1653 (46/150) family=age planted=none | 139.0m elapsed, ~314m left | calls=2980 hits=0 retries=0
[03:49:44] user 1658 (47/150) family=sex planted=none | 141.4m elapsed, ~310m left | calls=3040 hits=0 retries=0
[03:53:12] user 1815 (48/150) family=age planted=none | 144.9m elapsed, ~308m left | calls=3110 hits=0 retries=0
[03:55:59] user 1857 (49/150) family=sex planted=Rank | 147.7m elapsed, ~304m left | calls=3170 hits=0 retries=0
[03:58:49] user 1871 (50/150) family=sex planted=Elicit | 150.5m elapsed, ~301m left | calls=3230 hits=0 retries=0
[04:01:45] user 1928 (51/150) family=sex planted=Retrieve | 153.4m elapsed, ~298m left | calls=3290 hits=0 retries=0
[04:04:55] user 1948 (52/150) family=age planted=Elicit | 156.6m elapsed, ~295m left | calls=3360 hits=0 retries=0
[04:07:53] user 1957 (53/150) family=sex planted=Memory | 159.6m elapsed, ~292m left | calls=3420 hits=0 retries=0
[04:11:18] user 2003 (54/150) family=age planted=none | 163.0m elapsed, ~290m left | calls=3490 hits=0 retries=0
[04:13:44] user 2045 (55/150) family=sex planted=Explain | 165.4m elapsed, ~286m left | calls=3550 hits=0 retries=0
[04:16:47] user 2050 (56/150) family=age planted=Retrieve | 168.5m elapsed, ~283m left | calls=3620 hits=0 retries=0
[04:19:39] user 2052 (57/150) family=sex planted=Memory | 171.3m elapsed, ~280m left | calls=3680 hits=0 retries=0
[04:22:44] user 2082 (58/150) family=sex planted=none | 174.4m elapsed, ~277m left | calls=3740 hits=0 retries=0
[04:26:10] user 2138 (59/150) family=age planted=Elicit | 177.9m elapsed, ~274m left | calls=3810 hits=0 retries=0
[04:28:53] user 2142 (60/150) family=age planted=Rank | 180.6m elapsed, ~271m left | calls=3880 hits=0 retries=0
[04:30:06] user 2155 (61/150) family=sex planted=Retrieve | 181.8m elapsed, ~265m left | calls=3910 hits=30 retries=0
[04:32:54] user 2258 (62/150) family=sex planted=Memory | 184.6m elapsed, ~262m left | calls=3970 hits=30 retries=0
[04:36:04] user 2275 (63/150) family=sex planted=Retrieve | 187.8m elapsed, ~259m left | calls=4030 hits=30 retries=0
[04:38:50] user 2409 (64/150) family=age planted=Memory | 190.5m elapsed, ~256m left | calls=4100 hits=30 retries=0
[04:41:43] user 2413 (65/150) family=sex planted=Explain | 193.4m elapsed, ~253m left | calls=4160 hits=30 retries=0
[04:44:45] user 2460 (66/150) family=sex planted=none | 196.4m elapsed, ~250m left | calls=4220 hits=30 retries=0
[04:47:37] user 2512 (67/150) family=sex planted=Rank | 199.3m elapsed, ~247m left | calls=4280 hits=30 retries=0
[04:51:18] user 2521 (68/150) family=age planted=Explain | 203.0m elapsed, ~245m left | calls=4350 hits=30 retries=0
[04:53:49] user 2555 (69/150) family=sex planted=none | 205.5m elapsed, ~241m left | calls=4410 hits=30 retries=0
[04:56:06] user 2632 (70/150) family=sex planted=none | 207.8m elapsed, ~237m left | calls=4470 hits=30 retries=0
[04:58:39] user 2797 (71/150) family=sex planted=Explain | 210.3m elapsed, ~234m left | calls=4530 hits=30 retries=0
[05:01:13] user 2809 (72/150) family=sex planted=Elicit | 212.9m elapsed, ~231m left | calls=4590 hits=30 retries=0
[05:04:27] user 2810 (73/150) family=age planted=Explain | 216.1m elapsed, ~228m left | calls=4660 hits=30 retries=0
[05:07:34] user 2853 (74/150) family=sex planted=Rank | 219.3m elapsed, ~225m left | calls=4720 hits=30 retries=0
[05:11:43] user 2878 (75/150) family=age planted=Memory | 223.4m elapsed, ~223m left | calls=4790 hits=30 retries=0
[05:15:06] user 2890 (76/150) family=sex planted=none | 226.8m elapsed, ~221m left | calls=4850 hits=30 retries=0
[05:18:25] user 2894 (77/150) family=sex planted=Retrieve | 230.1m elapsed, ~218m left | calls=4910 hits=30 retries=0
[05:21:47] user 2949 (78/150) family=age planted=Explain | 233.5m elapsed, ~216m left | calls=4980 hits=30 retries=0
[05:25:58] user 2991 (79/150) family=age planted=none | 237.7m elapsed, ~214m left | calls=5050 hits=30 retries=0
[05:29:46] user 3023 (80/150) family=sex planted=Explain | 241.5m elapsed, ~211m left | calls=5110 hits=30 retries=0
[05:33:14] user 3028 (81/150) family=sex planted=none | 244.9m elapsed, ~209m left | calls=5170 hits=30 retries=0
[05:36:12] user 3046 (82/150) family=sex planted=Elicit | 247.9m elapsed, ~206m left | calls=5230 hits=30 retries=0
[05:39:47] user 3072 (83/150) family=age planted=Explain | 251.5m elapsed, ~203m left | calls=5300 hits=30 retries=0
[05:43:02] user 3123 (84/150) family=sex planted=none | 254.7m elapsed, ~200m left | calls=5360 hits=30 retries=0
[05:46:05] user 3159 (85/150) family=sex planted=none | 257.8m elapsed, ~197m left | calls=5420 hits=30 retries=0
[05:49:12] user 3292 (86/150) family=sex planted=none | 260.9m elapsed, ~194m left | calls=5480 hits=30 retries=0
[05:53:10] user 3316 (87/150) family=age planted=none | 264.9m elapsed, ~192m left | calls=5550 hits=30 retries=0
[05:56:31] user 3400 (88/150) family=sex planted=Retrieve | 268.2m elapsed, ~189m left | calls=5610 hits=30 retries=0
[06:00:10] user 3466 (89/150) family=sex planted=Retrieve | 271.9m elapsed, ~186m left | calls=5670 hits=30 retries=0
[06:04:02] user 3573 (90/150) family=age planted=Elicit | 275.7m elapsed, ~184m left | calls=5740 hits=30 retries=0
[06:07:20] user 3604 (91/150) family=sex planted=Explain | 279.0m elapsed, ~181m left | calls=5800 hits=30 retries=0
[06:09:46] user 3667 (92/150) family=sex planted=Elicit | 281.5m elapsed, ~177m left | calls=5860 hits=30 retries=0
[06:12:59] user 3677 (93/150) family=sex planted=Retrieve | 284.7m elapsed, ~174m left | calls=5920 hits=30 retries=0
[06:16:17] user 3707 (94/150) family=age planted=none | 288.0m elapsed, ~172m left | calls=5990 hits=30 retries=0
[06:19:31] user 3744 (95/150) family=sex planted=Memory | 291.2m elapsed, ~169m left | calls=6050 hits=30 retries=0
[06:23:21] user 3782 (96/150) family=age planted=Explain | 295.0m elapsed, ~166m left | calls=6120 hits=30 retries=0
[06:26:46] user 3861 (97/150) family=sex planted=none | 298.5m elapsed, ~163m left | calls=6180 hits=30 retries=0
[06:30:25] user 3865 (98/150) family=sex planted=Retrieve | 302.1m elapsed, ~160m left | calls=6240 hits=30 retries=0
[06:33:48] user 3881 (99/150) family=sex planted=Rank | 305.5m elapsed, ~157m left | calls=6300 hits=30 retries=0
[06:37:58] user 3916 (100/150) family=age planted=Retrieve | 309.7m elapsed, ~155m left | calls=6370 hits=30 retries=0
[06:41:49] user 3927 (101/150) family=sex planted=Retrieve | 313.5m elapsed, ~152m left | calls=6430 hits=30 retries=0
[06:45:49] user 3940 (102/150) family=age planted=Retrieve | 317.5m elapsed, ~149m left | calls=6500 hits=30 retries=0
[06:49:34] user 4063 (103/150) family=age planted=none | 321.3m elapsed, ~147m left | calls=6570 hits=30 retries=0
[06:53:34] user 4086 (104/150) family=age planted=Memory | 325.3m elapsed, ~144m left | calls=6640 hits=30 retries=0
[06:57:58] user 4104 (105/150) family=age planted=Explain | 329.7m elapsed, ~141m left | calls=6710 hits=30 retries=0
[07:01:20] user 4145 (106/150) family=age planted=Rank | 333.0m elapsed, ~138m left | calls=6780 hits=30 retries=0
[07:05:30] user 4153 (107/150) family=age planted=Retrieve | 337.2m elapsed, ~136m left | calls=6850 hits=30 retries=0
[07:09:29] user 4242 (108/150) family=age planted=Retrieve | 341.2m elapsed, ~133m left | calls=6920 hits=30 retries=0
[07:12:47] user 4249 (109/150) family=age planted=Elicit | 344.5m elapsed, ~130m left | calls=6990 hits=30 retries=0
[07:16:08] user 4256 (110/150) family=age planted=Elicit | 347.8m elapsed, ~126m left | calls=7060 hits=30 retries=0
[07:19:47] user 4319 (111/150) family=age planted=Rank | 351.5m elapsed, ~123m left | calls=7130 hits=30 retries=0
[07:23:16] user 4376 (112/150) family=sex planted=Retrieve | 355.0m elapsed, ~120m left | calls=7190 hits=30 retries=0
[07:26:45] user 4478 (113/150) family=age planted=Elicit | 358.4m elapsed, ~117m left | calls=7260 hits=30 retries=0
[07:30:19] user 4497 (114/150) family=age planted=none | 362.0m elapsed, ~114m left | calls=7330 hits=30 retries=0
[07:33:20] user 4529 (115/150) family=sex planted=Explain | 365.0m elapsed, ~111m left | calls=7390 hits=30 retries=0
[07:36:48] user 4569 (116/150) family=age planted=Elicit | 368.5m elapsed, ~108m left | calls=7460 hits=30 retries=0
[07:39:20] user 4572 (117/150) family=sex planted=Elicit | 371.0m elapsed, ~105m left | calls=7520 hits=30 retries=0
[07:43:07] user 4589 (118/150) family=age planted=Explain | 374.8m elapsed, ~102m left | calls=7590 hits=30 retries=0
[07:46:21] user 4615 (119/150) family=sex planted=Rank | 378.0m elapsed, ~98m left | calls=7650 hits=30 retries=0
[07:50:05] user 4666 (120/150) family=age planted=Rank | 381.8m elapsed, ~95m left | calls=7720 hits=30 retries=0
[07:53:33] user 4668 (121/150) family=sex planted=Retrieve | 385.2m elapsed, ~92m left | calls=7780 hits=30 retries=0
[07:57:01] user 4671 (122/150) family=sex planted=Explain | 388.7m elapsed, ~89m left | calls=7840 hits=30 retries=0
[08:00:48] user 4728 (123/150) family=age planted=none | 392.5m elapsed, ~86m left | calls=7910 hits=30 retries=0
[08:04:23] user 4754 (124/150) family=age planted=Explain | 396.1m elapsed, ~83m left | calls=7980 hits=30 retries=0
[08:08:04] user 4834 (125/150) family=sex planted=none | 399.8m elapsed, ~80m left | calls=8040 hits=30 retries=0
[08:11:29] user 4921 (126/150) family=age planted=Explain | 403.2m elapsed, ~77m left | calls=8110 hits=30 retries=0
[08:15:00] user 4924 (127/150) family=sex planted=none | 406.7m elapsed, ~74m left | calls=8170 hits=30 retries=0
[08:18:32] user 4933 (128/150) family=age planted=Memory | 410.2m elapsed, ~71m left | calls=8240 hits=30 retries=0
[08:22:26] user 4947 (129/150) family=age planted=Rank | 414.1m elapsed, ~67m left | calls=8310 hits=30 retries=0
[08:26:41] user 4965 (130/150) family=age planted=Explain | 418.4m elapsed, ~64m left | calls=8380 hits=30 retries=0
[08:30:55] user 4987 (131/150) family=age planted=none | 422.6m elapsed, ~61m left | calls=8450 hits=30 retries=0
[08:34:52] user 4996 (132/150) family=age planted=Memory | 426.6m elapsed, ~58m left | calls=8520 hits=30 retries=0
[08:38:01] user 5043 (133/150) family=sex planted=Elicit | 429.7m elapsed, ~55m left | calls=8580 hits=30 retries=0
[08:41:34] user 5089 (134/150) family=age planted=Rank | 433.3m elapsed, ~52m left | calls=8650 hits=30 retries=0
[08:45:33] user 5118 (135/150) family=age planted=Memory | 437.2m elapsed, ~49m left | calls=8720 hits=30 retries=0
[08:49:26] user 5255 (136/150) family=age planted=Rank | 441.1m elapsed, ~45m left | calls=8790 hits=30 retries=0
[08:52:33] user 5296 (137/150) family=sex planted=Elicit | 444.2m elapsed, ~42m left | calls=8850 hits=30 retries=0
[08:55:44] user 5411 (138/150) family=sex planted=Explain | 447.4m elapsed, ~39m left | calls=8910 hits=30 retries=0
[08:59:16] user 5423 (139/150) family=age planted=Elicit | 451.0m elapsed, ~36m left | calls=8980 hits=30 retries=0
[09:03:00] user 5484 (140/150) family=sex planted=none | 454.7m elapsed, ~32m left | calls=9040 hits=30 retries=0
[09:06:21] user 5514 (141/150) family=sex planted=Rank | 458.0m elapsed, ~29m left | calls=9100 hits=30 retries=0
[09:09:52] user 5637 (142/150) family=age planted=none | 461.6m elapsed, ~26m left | calls=9170 hits=30 retries=0
[09:13:13] user 5687 (143/150) family=age planted=Elicit | 464.9m elapsed, ~23m left | calls=9240 hits=30 retries=0
[09:16:41] user 5705 (144/150) family=sex planted=Memory | 468.4m elapsed, ~20m left | calls=9300 hits=30 retries=0
[09:20:44] user 5751 (145/150) family=age planted=Retrieve | 472.4m elapsed, ~16m left | calls=9370 hits=30 retries=0
[09:23:48] user 5768 (146/150) family=sex planted=Retrieve | 475.5m elapsed, ~13m left | calls=9430 hits=30 retries=0
[09:27:32] user 5810 (147/150) family=sex planted=Retrieve | 479.2m elapsed, ~10m left | calls=9490 hits=30 retries=0
[09:30:25] user 5946 (148/150) family=sex planted=Explain | 482.1m elapsed, ~7m left | calls=9550 hits=30 retries=0
[09:33:46] user 5953 (149/150) family=sex planted=Explain | 485.5m elapsed, ~3m left | calls=9610 hits=30 retries=0
[09:37:35] user 5996 (150/150) family=age planted=Retrieve | 489.3m elapsed, ~0m left | calls=9680 hits=30 retries=0
[09:37:35] DONE. {'calls': 9680, 'cache_hits': 30, 'retries': 0, 'parse_errors': 0}
